d:\floowdream\assets\scripts\bxrenderpipeline\xengine\xengine\x64\debug\vc142.pdb
d:\floowdream\assets\scripts\bxrenderpipeline\xengine\xengine\x64\debug\vc142.idb
d:\floowdream\assets\scripts\bxrenderpipeline\xengine\xengine\x64\debug\window.obj
d:\floowdream\assets\scripts\bxrenderpipeline\xengine\xengine\x64\debug\uploadbuffer.obj
d:\floowdream\assets\scripts\bxrenderpipeline\xengine\xengine\x64\debug\samplescene.obj
d:\floowdream\assets\scripts\bxrenderpipeline\xengine\xengine\x64\debug\raytracingpipeline.obj
d:\floowdream\assets\scripts\bxrenderpipeline\xengine\xengine\x64\debug\rasterpipeline.obj
d:\floowdream\assets\scripts\bxrenderpipeline\xengine\xengine\x64\debug\logqueue.obj
d:\floowdream\assets\scripts\bxrenderpipeline\xengine\xengine\x64\debug\highresolutionclock.obj
d:\floowdream\assets\scripts\bxrenderpipeline\xengine\xengine\x64\debug\engine.obj
d:\floowdream\assets\scripts\bxrenderpipeline\xengine\xengine\x64\debug\descriptorallocatorpage.obj
d:\floowdream\assets\scripts\bxrenderpipeline\xengine\xengine\x64\debug\descriptorallocator.obj
d:\floowdream\assets\scripts\bxrenderpipeline\xengine\xengine\x64\debug\descriptorallocation.obj
d:\floowdream\assets\scripts\bxrenderpipeline\xengine\xengine\x64\debug\debug.obj
d:\floowdream\assets\scripts\bxrenderpipeline\xengine\xengine\x64\debug\commandqueue.obj
d:\floowdream\assets\scripts\bxrenderpipeline\xengine\xengine\x64\debug\camera.obj
d:\floowdream\assets\scripts\bxrenderpipeline\xengine\xengine\x64\debug\application.obj
d:\floowdream\assets\scripts\bxrenderpipeline\xengine\xengine\x64\debug\toplevelasgenerator.obj
d:\floowdream\assets\scripts\bxrenderpipeline\xengine\xengine\x64\debug\shaderbindingtablegenerator.obj
d:\floowdream\assets\scripts\bxrenderpipeline\xengine\xengine\x64\debug\rootsignaturegenerator.obj
d:\floowdream\assets\scripts\bxrenderpipeline\xengine\xengine\x64\debug\raytracingpipelinegenerator.obj
d:\floowdream\assets\scripts\bxrenderpipeline\xengine\xengine\x64\debug\bottomlevelasgenerator.obj
d:\floowdream\assets\scripts\bxrenderpipeline\xengine\x64\debug\pixelshader.cso
d:\floowdream\assets\scripts\bxrenderpipeline\xengine\x64\debug\vertexshader.cso
d:\floowdream\assets\scripts\bxrenderpipeline\xengine\x64\debug\xengine.pdb
d:\floowdream\assets\scripts\bxrenderpipeline\xengine\xengine\x64\debug\xengine.tlog\cl.command.1.tlog
d:\floowdream\assets\scripts\bxrenderpipeline\xengine\xengine\x64\debug\xengine.tlog\cl.read.1.tlog
d:\floowdream\assets\scripts\bxrenderpipeline\xengine\xengine\x64\debug\xengine.tlog\cl.write.1.tlog
d:\floowdream\assets\scripts\bxrenderpipeline\xengine\xengine\x64\debug\xengine.tlog\fxc.command.1.tlog
d:\floowdream\assets\scripts\bxrenderpipeline\xengine\xengine\x64\debug\xengine.tlog\fxc.read.1.tlog
d:\floowdream\assets\scripts\bxrenderpipeline\xengine\xengine\x64\debug\xengine.tlog\fxc.write.1.tlog
d:\floowdream\assets\scripts\bxrenderpipeline\xengine\xengine\x64\debug\xengine.tlog\link-cvtres.read.1.tlog
d:\floowdream\assets\scripts\bxrenderpipeline\xengine\xengine\x64\debug\xengine.tlog\link-cvtres.write.1.tlog
d:\floowdream\assets\scripts\bxrenderpipeline\xengine\xengine\x64\debug\xengine.tlog\link-rc.read.1.tlog
d:\floowdream\assets\scripts\bxrenderpipeline\xengine\xengine\x64\debug\xengine.tlog\link-rc.write.1.tlog
d:\floowdream\assets\scripts\bxrenderpipeline\xengine\xengine\x64\debug\xengine.tlog\link.command.1.tlog
d:\floowdream\assets\scripts\bxrenderpipeline\xengine\xengine\x64\debug\xengine.tlog\link.read.1.tlog
d:\floowdream\assets\scripts\bxrenderpipeline\xengine\xengine\x64\debug\xengine.tlog\link.write.1.tlog
